CREATE EXTENSION IF NOT EXISTS gp_inject_fault;
drop table if exists _tmp_table;
NOTICE:  table "_tmp_table" does not exist, skipping
create table _tmp_table (i1 int, i2 int, i3 int, i4 int);
NOTICE:  Table doesn't have 'DISTRIBUTED BY' clause -- Using column named 'i1' as the Greenplum Database data distribution key for this table.
HINT:  The 'DISTRIBUTED BY' clause determines the distribution of data. Make sure column(s) chosen are the optimal data distribution key to minimize skew.
insert into _tmp_table select i, i % 100, i % 10000, i % 75 from generate_series(0,99999) i;
-- make sort to spill
set statement_mem="2MB";
set gp_enable_mk_sort=on;
set gp_cte_sharing=on;
select gp_inject_fault('execsort_mksort_mergeruns', 'reset', 2);
NOTICE:  Success:
 gp_inject_fault 
-----------------
 t
(1 row)

-- set QueryFinishPending=true in sort mergeruns. This will stop sort and set result_tape to NULL
select gp_inject_fault('execsort_mksort_mergeruns', 'finish_pending', 2);
NOTICE:  Success:
 gp_inject_fault 
-----------------
 t
(1 row)

-- return results although sort will be interrupted in one of the segments 
select DISTINCT S from (select row_number() over(partition by i1 order by i2) AS T, count(*) over (partition by i1) AS S from _tmp_table) AS TMP;
 s 
---
 1
(1 row)

select gp_inject_fault('execsort_mksort_mergeruns', 'status', 2);
NOTICE:  Success: fault name:'execsort_mksort_mergeruns' fault type:'finish_pending' ddl statement:'' database name:'' table name:'' start occurrence:'1' end occurrence:'-1' extra arg:'0' fault injection state:'triggered'  num times hit:'1'
 gp_inject_fault 
-----------------
 t
(1 row)

-- test if shared input scan deletes memory correctly when QueryFinishPending and its child has been eagerly freed,
-- where the child is a Sort node
drop table if exists testsisc;
NOTICE:  table "testsisc" does not exist, skipping
create table testsisc (i1 int, i2 int, i3 int, i4 int); 
NOTICE:  Table doesn't have 'DISTRIBUTED BY' clause -- Using column named 'i1' as the Greenplum Database data distribution key for this table.
HINT:  The 'DISTRIBUTED BY' clause determines the distribution of data. Make sure column(s) chosen are the optimal data distribution key to minimize skew.
insert into testsisc select i, i % 1000, i % 100000, i % 75 from
(select generate_series(1, nsegments * 50000) as i from 
	(select count(*) as nsegments from gp_segment_configuration where role='p' and content >= 0) foo) bar; 
-- Reset the fault here otherwise it interferes with
-- execshare_input_next fault below, when gp_enable_mk_sort is turned
-- back on later in the test.
select gp_inject_fault('execsort_mksort_mergeruns', 'status', 2);
NOTICE:  Success: fault name:'execsort_mksort_mergeruns' fault type:'finish_pending' ddl statement:'' database name:'' table name:'' start occurrence:'1' end occurrence:'-1' extra arg:'0' fault injection state:'triggered'  num times hit:'1'
 gp_inject_fault 
-----------------
 t
(1 row)

select gp_inject_fault('execsort_mksort_mergeruns', 'reset', 2);
NOTICE:  Success:
 gp_inject_fault 
-----------------
 t
(1 row)

set gp_resqueue_print_operator_memory_limits=on;
set statement_mem='2MB';
set gp_enable_mk_sort=off;
select gp_inject_fault('execshare_input_next', 'reset', 2);
NOTICE:  Success:
 gp_inject_fault 
-----------------
 t
(1 row)

-- Set QueryFinishPending to true after SharedInputScan has retrieved the first tuple. 
-- This will eagerly free the memory context of shared input scan's child node.  
select gp_inject_fault('execshare_input_next', 'finish_pending', 2);
NOTICE:  Success:
 gp_inject_fault 
-----------------
 t
(1 row)

select COUNT(i2) over(partition by i1)
from testsisc
LIMIT 2;
 count 
-------
     1
     1
(2 rows)

select gp_inject_fault('execshare_input_next', 'status', 2);
NOTICE:  Success: fault name:'execshare_input_next' fault type:'finish_pending' ddl statement:'' database name:'' table name:'' start occurrence:'1' end occurrence:'-1' extra arg:'0' fault injection state:'set'  num times hit:'0'
 gp_inject_fault 
-----------------
 t
(1 row)

-- test if shared input scan deletes memory correctly when QueryFinishPending and its child has been eagerly freed,
-- where the child is a Sort node and sort_mk algorithm is used
set gp_enable_mk_sort=on;
select gp_inject_fault('execshare_input_next', 'reset', 2);
NOTICE:  Success:
 gp_inject_fault 
-----------------
 t
(1 row)

-- Set QueryFinishPending to true after SharedInputScan has retrieved the first tuple. 
-- This will eagerly free the memory context of shared input scan's child node.  
select gp_inject_fault('execshare_input_next', 'finish_pending', 2);
NOTICE:  Success:
 gp_inject_fault 
-----------------
 t
(1 row)

select COUNT(i2) over(partition by i1)
from testsisc
LIMIT 2;
 count 
-------
     1
     1
(2 rows)

select gp_inject_fault('execshare_input_next', 'status', 2);
NOTICE:  Success: fault name:'execshare_input_next' fault type:'finish_pending' ddl statement:'' database name:'' table name:'' start occurrence:'1' end occurrence:'-1' extra arg:'0' fault injection state:'set'  num times hit:'0'
 gp_inject_fault 
-----------------
 t
(1 row)

reset gp_enable_mk_sort;
select gp_inject_fault('execshare_input_next', 'reset', 2);
NOTICE:  Success:
 gp_inject_fault 
-----------------
 t
(1 row)

-- test if a query can be canceled when cancel signal arrives fast than the query dispatched.
create table _tmp_table1 as select i as c1, i as c2 from generate_series(1, 10) i;
NOTICE:  Table doesn't have 'DISTRIBUTED BY' clause -- Using column(s) named 'c1' as the Greenplum Database data distribution key for this table.
HINT:  The 'DISTRIBUTED BY' clause determines the distribution of data. Make sure column(s) chosen are the optimal data distribution key to minimize skew.
create table _tmp_table2 as select i as c1, 0 as c2 from generate_series(0, 10) i;
NOTICE:  Table doesn't have 'DISTRIBUTED BY' clause -- Using column(s) named 'c1' as the Greenplum Database data distribution key for this table.
HINT:  The 'DISTRIBUTED BY' clause determines the distribution of data. Make sure column(s) chosen are the optimal data distribution key to minimize skew.
-- make one QE sleep before reading command
select gp_inject_fault_new('before_read_command', 'sleep', '', '', '', 1, 1, 50, 2::smallint);
NOTICE:  Success:
 gp_inject_fault_new 
---------------------
 t
(1 row)

select count(*) from _tmp_table1, _tmp_table2 where 100 / _tmp_table2.c2 > 1;
ERROR:  division by zero  (seg0 slice1 172.17.0.2:25433 pid=31180)
select gp_inject_fault('before_read_command', 'reset', 2);
NOTICE:  Success:
 gp_inject_fault 
-----------------
 t
(1 row)

drop table _tmp_table1;
drop table _tmp_table2;
